server.js is running
JSON Server is running on port 3001
Request Path: /pageTitles/home-title
[DEBUG] GET /pageTitles/:id - id: home-title
[DEBUG] All page titles (from getState): [
  { id: 'home-reason-title', content: 'Raison' },
  { id: 'team-page-title', content: "L'équipe !" },
  { id: 'home-title', content: "notre raison d'être !" },
  { id: 'genesis-title', content: 'La génèse' },
  { id: 'places-title', content: 'Les villes !' },
  { id: 'all-projects-title', content: 'Tous les projets !' },
  { id: 'culture-projects-title', content: 'Culture' },
  { id: 'economy-projects-title', content: 'Les projets économiques' },
  { id: 'food-projects-title', content: 'Les projets alimentation !' },
  { id: 'youth-projects-title', content: 'Les projets jeunesse !' },
  { id: 'drop-project-title', content: 'Déposer un projet' },
  { id: 'contact-us-title', content: 'Nous contacter !' },
  { id: 'join-us-title', content: 'Nous rejoindre' }
]
[DEBUG] Found page title (from getState): { id: 'home-title', content: "notre raison d'être !" }
[0mGET /pageTitles/home-title [36m304[0m 3.060 ms - -[0m
Request Path: /carouselText/0
[0mGET /carouselText/0 [36m304[0m 0.397 ms - -[0m
Request Path: /pageTitles/home-title
[DEBUG] GET /pageTitles/:id - id: home-title
[DEBUG] All page titles (from getState): [
  { id: 'home-reason-title', content: 'Raison' },
  { id: 'team-page-title', content: "L'équipe !" },
  { id: 'home-title', content: "notre raison d'être !" },
  { id: 'genesis-title', content: 'La génèse' },
  { id: 'places-title', content: 'Les villes !' },
  { id: 'all-projects-title', content: 'Tous les projets !' },
  { id: 'culture-projects-title', content: 'Culture' },
  { id: 'economy-projects-title', content: 'Les projets économiques' },
  { id: 'food-projects-title', content: 'Les projets alimentation !' },
  { id: 'youth-projects-title', content: 'Les projets jeunesse !' },
  { id: 'drop-project-title', content: 'Déposer un projet' },
  { id: 'contact-us-title', content: 'Nous contacter !' },
  { id: 'join-us-title', content: 'Nous rejoindre' }
]
[DEBUG] Found page title (from getState): { id: 'home-title', content: "notre raison d'être !" }
[0mGET /pageTitles/home-title [36m304[0m 0.663 ms - -[0m
Request Path: /carouselText/0
[0mGET /carouselText/0 [36m304[0m 0.187 ms - -[0m
Request Path: /reasonText/1
[0mGET /reasonText/1 [36m304[0m 0.302 ms - -[0m
Request Path: /carouselImages
[0mGET /carouselImages [36m304[0m 0.215 ms - -[0m
Request Path: /reasonText/1
[0mGET /reasonText/1 [36m304[0m 0.307 ms - -[0m
Request Path: /carouselImages
[0mGET /carouselImages [36m304[0m 0.234 ms - -[0m
Request Path: /carouselText/5
[0mGET /carouselText/5 [36m304[0m 0.494 ms - -[0m
Request Path: /carouselImages
[0mGET /carouselImages [36m304[0m 0.360 ms - -[0m
Request Path: /pageTitles/culture-projects-title
[DEBUG] GET /pageTitles/:id - id: culture-projects-title
[DEBUG] All page titles (from getState): [
  { id: 'home-reason-title', content: 'Raison' },
  { id: 'team-page-title', content: "L'équipe !" },
  { id: 'home-title', content: "notre raison d'être !" },
  { id: 'genesis-title', content: 'La génèse' },
  { id: 'places-title', content: 'Les villes !' },
  { id: 'all-projects-title', content: 'Tous les projets !' },
  { id: 'culture-projects-title', content: 'Culture' },
  { id: 'economy-projects-title', content: 'Les projets économiques' },
  { id: 'food-projects-title', content: 'Les projets alimentation !' },
  { id: 'youth-projects-title', content: 'Les projets jeunesse !' },
  { id: 'drop-project-title', content: 'Déposer un projet' },
  { id: 'contact-us-title', content: 'Nous contacter !' },
  { id: 'join-us-title', content: 'Nous rejoindre' }
]
[DEBUG] Found page title (from getState): { id: 'culture-projects-title', content: 'Culture' }
[0mGET /pageTitles/culture-projects-title [36m304[0m 0.867 ms - -[0m
Request Path: /carouselImages
[0mGET /carouselImages [36m304[0m 0.337 ms - -[0m
Request Path: /pageTitles/culture-projects-title
[DEBUG] GET /pageTitles/:id - id: culture-projects-title
[DEBUG] All page titles (from getState): [
  { id: 'home-reason-title', content: 'Raison' },
  { id: 'team-page-title', content: "L'équipe !" },
  { id: 'home-title', content: "notre raison d'être !" },
  { id: 'genesis-title', content: 'La génèse' },
  { id: 'places-title', content: 'Les villes !' },
  { id: 'all-projects-title', content: 'Tous les projets !' },
  { id: 'culture-projects-title', content: 'Culture' },
  { id: 'economy-projects-title', content: 'Les projets économiques' },
  { id: 'food-projects-title', content: 'Les projets alimentation !' },
  { id: 'youth-projects-title', content: 'Les projets jeunesse !' },
  { id: 'drop-project-title', content: 'Déposer un projet' },
  { id: 'contact-us-title', content: 'Nous contacter !' },
  { id: 'join-us-title', content: 'Nous rejoindre' }
]
[DEBUG] Found page title (from getState): { id: 'culture-projects-title', content: 'Culture' }
[0mGET /pageTitles/culture-projects-title [36m304[0m 1.063 ms - -[0m
Request Path: /projects
Request Path: /carouselText/5
[0mGET /carouselText/5 [36m304[0m 0.267 ms - -[0m
[0mGET /projects [36m304[0m 6.609 ms - -[0m
Request Path: /projects
[0mGET /projects [36m304[0m 4.019 ms - -[0m
Request Path: /carouselText/5
[0mGET /carouselText/5 [32m200[0m 0.726 ms - 83[0m
Request Path: /carouselImages
Request Path: /pageTitles/culture-projects-title
[DEBUG] GET /pageTitles/:id - id: culture-projects-title
[DEBUG] All page titles (from getState): [
  { id: 'home-reason-title', content: 'Raison' },
  { id: 'team-page-title', content: "L'équipe !" },
  { id: 'home-title', content: "notre raison d'être !" },
  { id: 'genesis-title', content: 'La génèse' },
  { id: 'places-title', content: 'Les villes !' },
  { id: 'all-projects-title', content: 'Tous les projets !' },
  { id: 'culture-projects-title', content: 'Culture' },
  { id: 'economy-projects-title', content: 'Les projets économiques' },
  { id: 'food-projects-title', content: 'Les projets alimentation !' },
  { id: 'youth-projects-title', content: 'Les projets jeunesse !' },
  { id: 'drop-project-title', content: 'Déposer un projet' },
  { id: 'contact-us-title', content: 'Nous contacter !' },
  { id: 'join-us-title', content: 'Nous rejoindre' }
]
[DEBUG] Found page title (from getState): { id: 'culture-projects-title', content: 'Culture' }
[0mGET /pageTitles/culture-projects-title [32m200[0m 3.062 ms - 60[0m
Request Path: /pageTitles/culture-projects-title
[DEBUG] GET /pageTitles/:id - id: culture-projects-title
[DEBUG] All page titles (from getState): [
  { id: 'home-reason-title', content: 'Raison' },
  { id: 'team-page-title', content: "L'équipe !" },
  { id: 'home-title', content: "notre raison d'être !" },
  { id: 'genesis-title', content: 'La génèse' },
  { id: 'places-title', content: 'Les villes !' },
  { id: 'all-projects-title', content: 'Tous les projets !' },
  { id: 'culture-projects-title', content: 'Culture' },
  { id: 'economy-projects-title', content: 'Les projets économiques' },
  { id: 'food-projects-title', content: 'Les projets alimentation !' },
  { id: 'youth-projects-title', content: 'Les projets jeunesse !' },
  { id: 'drop-project-title', content: 'Déposer un projet' },
  { id: 'contact-us-title', content: 'Nous contacter !' },
  { id: 'join-us-title', content: 'Nous rejoindre' }
]
[DEBUG] Found page title (from getState): { id: 'culture-projects-title', content: 'Culture' }
[0mGET /pageTitles/culture-projects-title [32m200[0m 1.419 ms - 60[0m
Request Path: /carouselText/5
[0mGET /carouselText/5 [32m200[0m 0.244 ms - 83[0m
Request Path: /projects
Request Path: /projects
[0mGET /carouselImages [32m200[0m 0.333 ms - -[0m
Request Path: /carouselImages
[0mGET /projects [32m200[0m 2.983 ms - -[0m
[0mGET /projects [32m200[0m 3.372 ms - -[0m
[0mGET /carouselImages [32m200[0m 0.227 ms - -[0m
